// Jest Snapshot v1, https://goo.gl/fbAQLP

exports[`Bills Initialize should renders correctly 1`] = `
<Container
  className="container"
  fluid="md"
>
  <Filters
    categories={
      Array [
        Object {
          "id": "1bcddudhmh",
          "name": "车贷",
          "type": 0,
        },
        Object {
          "id": "hc5g66kviq",
          "name": "车辆保养",
          "type": 0,
        },
        Object {
          "id": "8s0p77c323",
          "name": "房贷",
          "type": 0,
        },
        Object {
          "id": "0fnhbcle6hg",
          "name": "房屋租赁",
          "type": 0,
        },
        Object {
          "id": "odrjk823mj8",
          "name": "家庭用品",
          "type": 0,
        },
        Object {
          "id": "bsn20th0k2o",
          "name": "交通",
          "type": 0,
        },
        Object {
          "id": "j1h1nohhmmo",
          "name": "旅游",
          "type": 0,
        },
        Object {
          "id": "3tqndrjqgrg",
          "name": "日常饮食",
          "type": 0,
        },
        Object {
          "id": "s73ijpispio",
          "name": "工资",
          "type": 1,
        },
        Object {
          "id": "1vjj47vpd28",
          "name": "股票投资",
          "type": 1,
        },
        Object {
          "id": "5il79e11628",
          "name": "基金投资",
          "type": 1,
        },
      ]
    }
    selectBillTypeOption={[Function]}
    selectCategoryOption={[Function]}
    selectDate={[Function]}
  />
  <span
    className="add-bill"
  >
    <AddBill
      billAdded={[Function]}
      categories={
        Array [
          Object {
            "id": "1bcddudhmh",
            "name": "车贷",
            "type": 0,
          },
          Object {
            "id": "hc5g66kviq",
            "name": "车辆保养",
            "type": 0,
          },
          Object {
            "id": "8s0p77c323",
            "name": "房贷",
            "type": 0,
          },
          Object {
            "id": "0fnhbcle6hg",
            "name": "房屋租赁",
            "type": 0,
          },
          Object {
            "id": "odrjk823mj8",
            "name": "家庭用品",
            "type": 0,
          },
          Object {
            "id": "bsn20th0k2o",
            "name": "交通",
            "type": 0,
          },
          Object {
            "id": "j1h1nohhmmo",
            "name": "旅游",
            "type": 0,
          },
          Object {
            "id": "3tqndrjqgrg",
            "name": "日常饮食",
            "type": 0,
          },
          Object {
            "id": "s73ijpispio",
            "name": "工资",
            "type": 1,
          },
          Object {
            "id": "1vjj47vpd28",
            "name": "股票投资",
            "type": 1,
          },
          Object {
            "id": "5il79e11628",
            "name": "基金投资",
            "type": 1,
          },
        ]
      }
    />
  </span>
  <ForwardRef
    bordered={true}
    className="bills"
    hover={true}
    striped={true}
  >
    <thead>
      <tr>
        <th>
          金额
        </th>
        <th>
          分类
        </th>
        <th>
          时间
        </th>
        <th>
          类型
        </th>
      </tr>
    </thead>
    <tbody>
      <tr>
        <td
          colSpan={4}
        >
          <strong>
            <span
              className="red"
            >
              支出:
            </span>
             
            0
             
          </strong>
          <strong>
            <span
              className="green"
            >
              收入:
            </span>
             
            0
          </strong>
        </td>
      </tr>
    </tbody>
  </ForwardRef>
  <Statistics
    bills={Array []}
    categories={
      Array [
        Object {
          "id": "1bcddudhmh",
          "name": "车贷",
          "type": 0,
        },
        Object {
          "id": "hc5g66kviq",
          "name": "车辆保养",
          "type": 0,
        },
        Object {
          "id": "8s0p77c323",
          "name": "房贷",
          "type": 0,
        },
        Object {
          "id": "0fnhbcle6hg",
          "name": "房屋租赁",
          "type": 0,
        },
        Object {
          "id": "odrjk823mj8",
          "name": "家庭用品",
          "type": 0,
        },
        Object {
          "id": "bsn20th0k2o",
          "name": "交通",
          "type": 0,
        },
        Object {
          "id": "j1h1nohhmmo",
          "name": "旅游",
          "type": 0,
        },
        Object {
          "id": "3tqndrjqgrg",
          "name": "日常饮食",
          "type": 0,
        },
        Object {
          "id": "s73ijpispio",
          "name": "工资",
          "type": 1,
        },
        Object {
          "id": "1vjj47vpd28",
          "name": "股票投资",
          "type": 1,
        },
        Object {
          "id": "5il79e11628",
          "name": "基金投资",
          "type": 1,
        },
      ]
    }
  />
</Container>
`;
